━━━━━━━━━━━━━━━━━━━━━━━━━━━━━━━━━━━━━━━━━━━━━━━━━━━━━━━━━━━━━━━━━━━━━━━━━━━━━━━━━
 Language              Files        Lines         Code     Comments       Blanks
━━━━━━━━━━━━━━━━━━━━━━━━━━━━━━━━━━━━━━━━━━━━━━━━━━━━━━━━━━━━━━━━━━━━━━━━━━━━━━━━━
 Alex                      1           77           66            0           11
 C                         1          113           89            6           18
 Device Tree              13        33595        28464          612         4519
 LD Script                 4          100           92            0            8
 Nix                       3          145          132            4            9
 TOML                     17          376          319           12           45
─────────────────────────────────────────────────────────────────────────────────
 Markdown                  3          166            0          120           46
 |- TOML                   1           19           18            1            0
 (Total)                              185           18          121           46
─────────────────────────────────────────────────────────────────────────────────
 Rust                     58         8392         6766          546         1080
 |- Markdown              52         1099            0          986          113
 (Total)                             9491         6766         1532         1193
━━━━━━━━━━━━━━━━━━━━━━━━━━━━━━━━━━━━━━━━━━━━━━━━━━━━━━━━━━━━━━━━━━━━━━━━━━━━━━━━━
 Total                   100        44082        35946         2287         5849
━━━━━━━━━━━━━━━━━━━━━━━━━━━━━━━━━━━━━━━━━━━━━━━━━━━━━━━━━━━━━━━━━━━━━━━━━━━━━━━━━
